---
source: crates/lilo-im-store/tests/audit.rs
expression: audit_columns_snapshot(&columns)
---
id text not_null=true primary_key=true
seq bigint not_null=true primary_key=false
owner text not_null=true primary_key=false
timestamp timestamp with time zone not_null=true primary_key=false
principal text not_null=true primary_key=false
action text not_null=true primary_key=false
resource text not_null=true primary_key=false
decision text not_null=true primary_key=false
session_ref text not_null=false primary_key=false
notes text not_null=false primary_key=false
policy_id text not_null=false primary_key=false
evaluation_trace text not_null=false primary_key=false
denial_reason text not_null=false primary_key=false
